{"results":
 [{"tactics":
   [{"tactic": "have t := 37",
     "proofState": 0,
     "pos": {"line": 1, "column": 18},
     "goalsBefore": "⊢ Nat",
     "endPos": {"line": 1, "column": 30}},
    {"tactic": "exact t",
     "proofState": 1,
     "pos": {"line": 1, "column": 32},
     "goalsBefore": "t : Nat\n⊢ Nat",
     "endPos": {"line": 1, "column": 39}}],
   "source": "def f : Nat := by have t := 37; exact t",
   "env": 0}]}

