{"results":
 [{"source": "theorem foo (x : Int) : x = x := by sorry",
   "sorries":
   [{"proofState": 0,
     "pos": {"line": 1, "column": 36},
     "goalsBefore": "x : Int\n⊢ x = x",
     "endPos": {"line": 1, "column": 41}}],
   "messages":
   [{"severity": "warning",
     "pos": {"line": 1, "column": 8},
     "endPos": {"line": 1, "column": 11},
     "data": "declaration uses 'sorry'"}],
   "env": 0}]}

{"proofState": 1,
 "goalsAfter":
 ["case pos\nx : Int\nh : x < 0\n⊢ x = x",
  "case neg\nx : Int\nh : ¬x < 0\n⊢ x = x"]}

{"proofState": 2, "goalsAfter": ["case neg\nx : Int\nh : ¬x < 0\n⊢ x = x"]}

{"sorries":
 [{"proofState": 3, "goalsBefore": "case pos\nx : Int\nh : x < 0\n⊢ x = x"},
  {"proofState": 4, "goalsBefore": "case neg\nx : Int\nh : ¬x < 0\n⊢ x = x"}],
 "proofState": 5,
 "goalsAfter": []}

