{"results":
 [{"source": "open Lake DSL", "env": 0}, {"source": "package REPL", "env": 1}]}

