{"results": [{"source": "import Lean\n  \n  ", "env": 0}]}

