{"results":
 [{"source": "import Lean\n  \n  ", "env": 0},
  {"source": "def f :=\n  37", "env": 1}]}

