{"results":
 [{"source": "set_option trace.Meta.Tactic.simp true", "env": 0},
  {"source": "example {x : Int} (h0 : x > 0) : False := by sorry",
   "sorries":
   [{"proofState": 0,
     "pos": {"line": 2, "column": 45},
     "goalsBefore": "x : Int\nh0 : x > 0\n⊢ False",
     "endPos": {"line": 2, "column": 50}}],
   "messages":
   [{"severity": "warning",
     "pos": {"line": 2, "column": 0},
     "endPos": {"line": 2, "column": 7},
     "data": "declaration uses 'sorry'"}],
   "env": 1}]}

{"sorries": [{"proofState": 1, "goalsBefore": "x : Int\nh0 : x > 0\n⊢ x > 0"}],
 "proofState": 2,
 "goalsAfter": ["x : Int\nh0 h : x > 0\n⊢ False"]}

{"proofState": 3, "goalsAfter": []}

{"proofState": 4, "goalsAfter": []}

{"traces":
 ["[Meta.Tactic.simp.rewrite] of_eq_true (eq_true h0):1000, x > 0 ==> True"],
 "proofState": 5,
 "goalsAfter": []}

{"traces":
 ["[Meta.Tactic.simp.rewrite] @gt_iff_lt:1000, x > 0 ==> 0 < x",
  "[Meta.Tactic.simp.rewrite] h0:1000, 0 < x ==> True"],
 "proofState": 6,
 "goalsAfter": []}

{"traces":
 ["[Meta.Tactic.simp.rewrite] @gt_iff_lt:1000, x > 0 ==> 0 < x",
  "[Meta.Tactic.simp.rewrite] h0:1000, 0 < x ==> True"],
 "proofState": 7,
 "goalsAfter": []}

{"proofState": 8,
 "messages":
 [{"severity": "error",
   "pos": {"line": 0, "column": 0},
   "endPos": {"line": 0, "column": 0},
   "data": "unsolved goals\nx : Int\nh0 : x > 0\n⊢ x > 0"}],
 "goalsAfter": []}

{"proofState": 9,
 "messages":
 [{"severity": "error",
   "pos": {"line": 0, "column": 0},
   "endPos": {"line": 0, "column": 0},
   "data": "unsolved goals\nx : Int\nh0 : x > 0\n⊢ x > 0"}],
 "goalsAfter": []}

