{"results":
 [{"source": "#print List.cons",
   "messages":
   [{"severity": "info",
     "pos": {"line": 1, "column": 0},
     "endPos": {"line": 1, "column": 6},
     "data": "constructor List.cons.{u} : {α : Type u} → α → List α → List α"}],
   "env": 0}]}

{"results": [{"source": "set_option pp.universes true", "env": 1}]}

{"results":
 [{"source": "#print List.cons",
   "messages":
   [{"severity": "info",
     "pos": {"line": 1, "column": 0},
     "endPos": {"line": 1, "column": 6},
     "data":
     "constructor List.cons.{u} : {α : Type u} → α → List.{u} α → List.{u} α"}],
   "env": 2}]}

{"results":
 [{"source": "#print List.cons",
   "messages":
   [{"severity": "info",
     "pos": {"line": 1, "column": 0},
     "endPos": {"line": 1, "column": 6},
     "data": "constructor List.cons.{u} : {α : Type u} → α → List α → List α"}],
   "env": 3}]}

