{"results": [{"source": "import Lean\n  \n  ", "env": 0}]}

{"results": [{"source": "open Lean.Compiler", "env": 1}]}

{"results":
 [{"source": "unsafe example : ◾ :=\n  sorry",
   "sorries":
   [{"proofState": 0,
     "pos": {"line": 1, "column": 22},
     "goals": "⊢ ◾",
     "endPos": {"line": 1, "column": 27}}],
   "messages":
   [{"severity": "warning",
     "pos": {"line": 1, "column": 7},
     "endPos": {"line": 1, "column": 14},
     "data": "declaration uses 'sorry'"}],
   "env": 2}]}

{"source": "", "env": 1}

