{"incr": 0, "env": 0}

{"env": 0}

{"env": 1}

{"incr": 1, "env": 2}

