{"proofState": 0, "goalsAfter": ["t : Nat\n‚ä¢ Nat"]}

{"proofState": 1, "goalsAfter": []}

