{"results": [{"source": "import Lean\n  \n  ", "env": 0}]}

{"results":
 [{"source": "def f : Nat := by sorry",
   "sorries":
   [{"proofState": 0,
     "pos": {"line": 1, "column": 18},
     "goalsBefore": "⊢ Nat",
     "endPos": {"line": 1, "column": 23}}],
   "messages":
   [{"severity": "warning",
     "pos": {"line": 1, "column": 4},
     "endPos": {"line": 1, "column": 5},
     "data": "declaration uses 'sorry'"}],
   "env": 1}]}

{"proofState": 1, "goalsAfter": ["⊢ Nat"]}

{"proofState": 2, "goalsAfter": ["⊢ Nat"]}

{"proofState": 3, "goalsAfter": ["t : Nat\n⊢ Nat"]}

{"proofState": 4, "goalsAfter": ["t : Nat\n⊢ Nat"]}

{"proofState": 5, "goalsAfter": ["t : Nat\n⊢ Nat"]}

{"proofState": 6, "goalsAfter": []}

