{"incr": 0, "env": 0}

{"incr": 1, "env": 1}

{"incr": 2, "env": 2}

{"env": 1}

