{"source": "", "env": 0}

{"results": [{"source": "example : Y = 37 :=\n  rfl", "env": 1}]}

