{"results": [{"source": "variable (x y : Nat)", "env": 0}]}

{"results":
 [{"source": "variable (f : Nat → Nat)",
   "messages":
   [{"severity": "warning",
     "pos": {"line": 1, "column": 12},
     "endPos": {"line": 1, "column": 13},
     "data": "unused variable `y` [linter.unusedVariables]"}],
   "env": 1}]}

{"results":
 [{"source":
   "theorem problem (h0 : f 5 = 3) (h1 : f (4 * x * y) = 2 * y * (f (x + y) + f (x - y))) : ∃ (k : Nat), f 2015 = k := by\n  sorry",
   "sorries":
   [{"proofState": 0,
     "pos": {"line": 3, "column": 2},
     "goal":
     "x y : Nat\nf : Nat → Nat\nh0 : f 5 = 3\nh1 : f (4 * x * y) = 2 * y * (f (x + y) + f (x - y))\n⊢ ∃ k, f 2015 = k",
     "endPos": {"line": 3, "column": 7}}],
   "messages":
   [{"severity": "warning",
     "pos": {"line": 1, "column": 8},
     "endPos": {"line": 1, "column": 15},
     "data": "declaration uses 'sorry'"}],
   "env": 2}]}

