{"env": 0}

{"sorries":
 [{"proofState": 0,
   "pos": {"line": 3, "column": 12},
   "goal": "case zero ⊢ Nat.zero + 1 > Nat.zero",
   "endPos": {"line": 3, "column": 17}},
  {"proofState": 1,
   "pos": {"line": 3, "column": 12},
   "goal": "case succ x : Nat hx : x + 1 > x ⊢ Nat.succ x + 1 > Nat.succ x",
   "endPos": {"line": 3, "column": 17}}],
 "messages":
 [{"severity": "warning",
   "pos": {"line": 1, "column": 0},
   "endPos": {"line": 1, "column": 7},
   "data": "declaration uses 'sorry'"}],
 "env": 1}

