{"proofState": 0, "goalsBefore": ["x : ℕ\nh : 2 * (2 * (2 * (2 * x))) = 48\n⊢ x = 3"]}

{"proofState": 1, "goalsBefore": ["x : ℕ\nh : 2 * (2 * (2 * (2 * x))) = 48\n⊢ x = 3"]}

